
  .   ____          _            __ _ _
 /\\ / ___'_ __ _ _(_)_ __  __ _ \ \ \ \
( ( )\___ | '_ | '_| | '_ \/ _` | \ \ \ \
 \\/  ___)| |_)| | | | | || (_| |  ) ) ) )
  '  |____| .__|_| |_|_| |_\__, | / / / /
 =========|_|==============|___/=/_/_/_/
 :: Spring Boot ::                (v2.5.5)

2025-03-06 14:59:43.461  INFO 37904 --- [           main] org.example.Application                  : Starting Application using Java 1.8.0_221 on peng-mac.local with PID 37904 (/Users/penggao/IdeaProjects/lls/lls/build/libs/lls.jar started by penggao in /Users/penggao/IdeaProjects/lls/lls)
2025-03-06 14:59:43.465  INFO 37904 --- [           main] org.example.Application                  : No active profile set, falling back to default profiles: default
2025-03-06 14:59:44.968  INFO 37904 --- [           main] .s.d.r.c.RepositoryConfigurationDelegate : Multiple Spring Data modules found, entering strict repository configuration mode!
2025-03-06 14:59:44.972  INFO 37904 --- [           main] .s.d.r.c.RepositoryConfigurationDelegate : Bootstrapping Spring Data Redis repositories in DEFAULT mode.
2025-03-06 14:59:45.002  INFO 37904 --- [           main] .s.d.r.c.RepositoryConfigurationDelegate : Finished Spring Data repository scanning in 10 ms. Found 0 Redis repository interfaces.
2025-03-06 14:59:45.870  INFO 37904 --- [           main] o.s.b.w.embedded.tomcat.TomcatWebServer  : Tomcat initialized with port(s): 8766 (http)
2025-03-06 14:59:45.895  INFO 37904 --- [           main] o.apache.catalina.core.StandardService   : Starting service [Tomcat]
2025-03-06 14:59:45.895  INFO 37904 --- [           main] org.apache.catalina.core.StandardEngine  : Starting Servlet engine: [Apache Tomcat/9.0.53]
2025-03-06 14:59:46.016  INFO 37904 --- [           main] o.a.c.c.C.[Tomcat].[localhost].[/]       : Initializing Spring embedded WebApplicationContext
2025-03-06 14:59:46.016  INFO 37904 --- [           main] w.s.c.ServletWebServerApplicationContext : Root WebApplicationContext: initialization completed in 2471 ms
2025-03-06 14:59:48.113  WARN 37904 --- [           main] ConfigServletWebServerApplicationContext : Exception encountered during context initialization - cancelling refresh attempt: org.springframework.context.ApplicationContextException: Failed to start bean 'webServerStartStop'; nested exception is org.springframework.boot.web.server.PortInUseException: Port 8766 is already in use
2025-03-06 14:59:48.137  INFO 37904 --- [           main] o.apache.catalina.core.StandardService   : Stopping service [Tomcat]
2025-03-06 14:59:48.155  INFO 37904 --- [           main] ConditionEvaluationReportLoggingListener : 

Error starting ApplicationContext. To display the conditions report re-run your application with 'debug' enabled.
2025-03-06 14:59:48.189 ERROR 37904 --- [           main] o.s.b.d.LoggingFailureAnalysisReporter   : 

***************************
APPLICATION FAILED TO START
***************************

Description:

Web server failed to start. Port 8766 was already in use.

Action:

Identify and stop the process that's listening on port 8766 or configure this application to listen on another port.

